D:\project\fw\mcu\stm32\STM32L4R5Z_Nucleo\Application\hw\moduleDriver\src\cli.c:113:6:cliInit	8	static
D:\project\fw\mcu\stm32\STM32L4R5Z_Nucleo\Application\hw\moduleDriver\src\cli.c:138:6:cliOpen	16	static
D:\project\fw\mcu\stm32\STM32L4R5Z_Nucleo\Application\hw\moduleDriver\src\cli.c:155:6:cliOpenLog	24	static
D:\project\fw\mcu\stm32\STM32L4R5Z_Nucleo\Application\hw\moduleDriver\src\cli.c:171:9:cliGetPort	4	static
D:\project\fw\mcu\stm32\STM32L4R5Z_Nucleo\Application\hw\moduleDriver\src\cli.c:176:6:cliLogClose	4	static
D:\project\fw\mcu\stm32\STM32L4R5Z_Nucleo\Application\hw\moduleDriver\src\cli.c:182:6:cliShowLog	24	static
D:\project\fw\mcu\stm32\STM32L4R5Z_Nucleo\Application\hw\moduleDriver\src\cli.c:202:6:cliShowPrompt	16	static
D:\project\fw\mcu\stm32\STM32L4R5Z_Nucleo\Application\hw\moduleDriver\src\cli.c:208:6:cliMain	8	static
D:\project\fw\mcu\stm32\STM32L4R5Z_Nucleo\Application\hw\moduleDriver\src\cli.c:223:10:cliAvailable	8	static
D:\project\fw\mcu\stm32\STM32L4R5Z_Nucleo\Application\hw\moduleDriver\src\cli.c:228:9:cliRead	8	static
D:\project\fw\mcu\stm32\STM32L4R5Z_Nucleo\Application\hw\moduleDriver\src\cli.c:233:10:cliWrite	16	static
D:\project\fw\mcu\stm32\STM32L4R5Z_Nucleo\Application\hw\moduleDriver\src\cli.c:238:6:cliUpdate	56	static
D:\project\fw\mcu\stm32\STM32L4R5Z_Nucleo\Application\hw\moduleDriver\src\cli.c:450:6:cliLineClean	16	static
D:\project\fw\mcu\stm32\STM32L4R5Z_Nucleo\Application\hw\moduleDriver\src\cli.c:458:6:cliLineAdd	16	static
D:\project\fw\mcu\stm32\STM32L4R5Z_Nucleo\Application\hw\moduleDriver\src\cli.c:473:6:cliLineChange	24	static
D:\project\fw\mcu\stm32\STM32L4R5Z_Nucleo\Application\hw\moduleDriver\src\cli.c:515:6:cliRunCmd	24	static
D:\project\fw\mcu\stm32\STM32L4R5Z_Nucleo\Application\hw\moduleDriver\src\cli.c:541:6:cliParseArgs	40	static
D:\project\fw\mcu\stm32\STM32L4R5Z_Nucleo\Application\hw\moduleDriver\src\cli.c:573:6:cliRunStr	24	static
D:\project\fw\mcu\stm32\STM32L4R5Z_Nucleo\Application\hw\moduleDriver\src\cli.c:588:6:cliPrintf	24	static
D:\project\fw\mcu\stm32\STM32L4R5Z_Nucleo\Application\hw\moduleDriver\src\cli.c:602:6:cliPrintHexDump	24	static
D:\project\fw\mcu\stm32\STM32L4R5Z_Nucleo\Application\hw\moduleDriver\src\cli.c:615:6:cliPutch	24	static
D:\project\fw\mcu\stm32\STM32L4R5Z_Nucleo\Application\hw\moduleDriver\src\cli.c:622:6:cliToUpper	24	static
D:\project\fw\mcu\stm32\STM32L4R5Z_Nucleo\Application\hw\moduleDriver\src\cli.c:649:9:cliArgsGetData	24	static
D:\project\fw\mcu\stm32\STM32L4R5Z_Nucleo\Application\hw\moduleDriver\src\cli.c:665:7:cliArgsGetFloat	24	static
D:\project\fw\mcu\stm32\STM32L4R5Z_Nucleo\Application\hw\moduleDriver\src\cli.c:681:7:cliArgsGetStr	24	static
D:\project\fw\mcu\stm32\STM32L4R5Z_Nucleo\Application\hw\moduleDriver\src\cli.c:697:6:cliArgsIsStr	24	static
D:\project\fw\mcu\stm32\STM32L4R5Z_Nucleo\Application\hw\moduleDriver\src\cli.c:716:6:cliKeepLoop	16	static
D:\project\fw\mcu\stm32\STM32L4R5Z_Nucleo\Application\hw\moduleDriver\src\cli.c:731:6:cliAdd	32	static
D:\project\fw\mcu\stm32\STM32L4R5Z_Nucleo\Application\hw\moduleDriver\src\cli.c:754:6:cliShowList	24	static
D:\project\fw\mcu\stm32\STM32L4R5Z_Nucleo\Application\hw\moduleDriver\src\cli.c:772:6:cliMemoryDump	56	static
D:\project\fw\mcu\stm32\STM32L4R5Z_Nucleo\Application\hw\moduleDriver\src\cli.c:832:6:cliShowCursor	16	static
D:\project\fw\mcu\stm32\STM32L4R5Z_Nucleo\Application\hw\moduleDriver\src\cli.c:844:6:cliMoveUp	16	static
D:\project\fw\mcu\stm32\STM32L4R5Z_Nucleo\Application\hw\moduleDriver\src\cli.c:849:6:cliMoveDown	16	static
