D:\project\fw\mcu\stm32\STM32L4R5Z_Nucleo\Application\hw\moduleDriver\src\cli_gui.c:30:13:initScreen	16	static
D:\project\fw\mcu\stm32\STM32L4R5Z_Nucleo\Application\hw\moduleDriver\src\cli_gui.c:45:13:closeScreen	8	static
D:\project\fw\mcu\stm32\STM32L4R5Z_Nucleo\Application\hw\moduleDriver\src\cli_gui.c:54:17:getWidth	4	static
D:\project\fw\mcu\stm32\STM32L4R5Z_Nucleo\Application\hw\moduleDriver\src\cli_gui.c:59:17:getHeight	4	static
D:\project\fw\mcu\stm32\STM32L4R5Z_Nucleo\Application\hw\moduleDriver\src\cli_gui.c:64:13:setAttr	24	static
D:\project\fw\mcu\stm32\STM32L4R5Z_Nucleo\Application\hw\moduleDriver\src\cli_gui.c:114:13:clear	8	static
D:\project\fw\mcu\stm32\STM32L4R5Z_Nucleo\Application\hw\moduleDriver\src\cli_gui.c:119:13:guiMove	16	static
D:\project\fw\mcu\stm32\STM32L4R5Z_Nucleo\Application\hw\moduleDriver\src\cli_gui.c:124:13:guiMoveUp	16	static
D:\project\fw\mcu\stm32\STM32L4R5Z_Nucleo\Application\hw\moduleDriver\src\cli_gui.c:129:13:guiMoveDown	16	static
D:\project\fw\mcu\stm32\STM32L4R5Z_Nucleo\Application\hw\moduleDriver\src\cli_gui.c:134:13:move	16	static
D:\project\fw\mcu\stm32\STM32L4R5Z_Nucleo\Application\hw\moduleDriver\src\cli_gui.c:144:13:moveUp	16	static
D:\project\fw\mcu\stm32\STM32L4R5Z_Nucleo\Application\hw\moduleDriver\src\cli_gui.c:149:13:moveDown	16	static
D:\project\fw\mcu\stm32\STM32L4R5Z_Nucleo\Application\hw\moduleDriver\src\cli_gui.c:154:13:addCh_Or_InsCh	16	static
D:\project\fw\mcu\stm32\STM32L4R5Z_Nucleo\Application\hw\moduleDriver\src\cli_gui.c:198:13:addChar	16	static
D:\project\fw\mcu\stm32\STM32L4R5Z_Nucleo\Application\hw\moduleDriver\src\cli_gui.c:203:13:drawBoxLine	40	static
D:\project\fw\mcu\stm32\STM32L4R5Z_Nucleo\Application\hw\moduleDriver\src\cli_gui.c:262:13:drawBox	40	static
D:\project\fw\mcu\stm32\STM32L4R5Z_Nucleo\Application\hw\moduleDriver\src\cli_gui.c:321:13:eraseBox	32	static
D:\project\fw\mcu\stm32\STM32L4R5Z_Nucleo\Application\hw\moduleDriver\src\cli_gui.c:352:13:addStr	16	static
D:\project\fw\mcu\stm32\STM32L4R5Z_Nucleo\Application\hw\moduleDriver\src\cli_gui.c:360:13:showCursor	16	static
D:\project\fw\mcu\stm32\STM32L4R5Z_Nucleo\Application\hw\moduleDriver\src\cli_gui.c:374:13:moveAddStr	16	static
D:\project\fw\mcu\stm32\STM32L4R5Z_Nucleo\Application\hw\moduleDriver\src\cli_gui.c:380:13:showTopLine	32	static
D:\project\fw\mcu\stm32\STM32L4R5Z_Nucleo\Application\hw\moduleDriver\src\cli_gui.c:411:13:showBottomLine	24	static
D:\project\fw\mcu\stm32\STM32L4R5Z_Nucleo\Application\hw\moduleDriver\src\cli_gui.c:427:13:addPrintf	16	static
D:\project\fw\mcu\stm32\STM32L4R5Z_Nucleo\Application\hw\moduleDriver\src\cli_gui.c:438:13:movePrintf	24	static
D:\project\fw\mcu\stm32\STM32L4R5Z_Nucleo\Application\hw\moduleDriver\src\cli_gui.c:449:13:setScrollArea	16	static
D:\project\fw\mcu\stm32\STM32L4R5Z_Nucleo\Application\hw\moduleDriver\src\cli_gui.c:455:13:delChar	8	static
D:\project\fw\mcu\stm32\STM32L4R5Z_Nucleo\Application\hw\moduleDriver\src\cli_gui.c:460:13:shiftLeft	24	static
D:\project\fw\mcu\stm32\STM32L4R5Z_Nucleo\Application\hw\moduleDriver\src\cli_gui.c:475:13:shiftLeftStr	24	static
D:\project\fw\mcu\stm32\STM32L4R5Z_Nucleo\Application\hw\moduleDriver\src\cli_gui.c:510:13:guiSetScrollArea	16	static
D:\project\fw\mcu\stm32\STM32L4R5Z_Nucleo\Application\hw\moduleDriver\src\cli_gui.c:522:13:scroll	8	static
D:\project\fw\mcu\stm32\STM32L4R5Z_Nucleo\Application\hw\moduleDriver\src\cli_gui.c:531:13:insertLine	8	static
D:\project\fw\mcu\stm32\STM32L4R5Z_Nucleo\Application\hw\moduleDriver\src\cli_gui.c:540:13:insChar	16	static
D:\project\fw\mcu\stm32\STM32L4R5Z_Nucleo\Application\hw\moduleDriver\src\cli_gui.c:545:13:clearToEol	8	static
D:\project\fw\mcu\stm32\STM32L4R5Z_Nucleo\Application\hw\moduleDriver\src\cli_gui.c:550:13:message	16	static
D:\project\fw\mcu\stm32\STM32L4R5Z_Nucleo\Application\hw\moduleDriver\src\cli_gui.c:557:16:cliGui	4	static
