D:\project\fw\mcu\stm32\STM32L4R5Z_Nucleo\Application\hw\moduleDriver\src\reset.c:30:6:resetInit	24	static
D:\project\fw\mcu\stm32\STM32L4R5Z_Nucleo\Application\hw\moduleDriver\src\reset.c:95:6:resetLog	4	static
D:\project\fw\mcu\stm32\STM32L4R5Z_Nucleo\Application\hw\moduleDriver\src\reset.c:100:6:resetToBoot	8	static
D:\project\fw\mcu\stm32\STM32L4R5Z_Nucleo\Application\hw\moduleDriver\src\reset.c:106:6:resetToReset	8	static
D:\project\fw\mcu\stm32\STM32L4R5Z_Nucleo\Application\hw\moduleDriver\src\reset.c:111:10:resetGetBits	4	static
D:\project\fw\mcu\stm32\STM32L4R5Z_Nucleo\Application\hw\moduleDriver\src\reset.c:116:6:resetSetBits	16	static
D:\project\fw\mcu\stm32\STM32L4R5Z_Nucleo\Application\hw\moduleDriver\src\reset.c:121:6:resetSetBootMode	16	static
D:\project\fw\mcu\stm32\STM32L4R5Z_Nucleo\Application\hw\moduleDriver\src\reset.c:127:10:resetGetBootMode	4	static
D:\project\fw\mcu\stm32\STM32L4R5Z_Nucleo\Application\hw\moduleDriver\src\reset.c:133:6:cliReset	24	static
