D:\project\fw\mcu\stm32\STM32L4R5Z_Nucleo\Core\Src\i2c.c:31:6:MX_I2C1_Init	8	static
D:\project\fw\mcu\stm32\STM32L4R5Z_Nucleo\Core\Src\i2c.c:73:6:MX_I2C2_Init	8	static
D:\project\fw\mcu\stm32\STM32L4R5Z_Nucleo\Core\Src\i2c.c:114:6:HAL_I2C_MspInit	200	static
D:\project\fw\mcu\stm32\STM32L4R5Z_Nucleo\Core\Src\i2c.c:187:6:HAL_I2C_MspDeInit	16	static
D:\project\fw\mcu\stm32\STM32L4R5Z_Nucleo\Core\Src\i2c.c:274:6:i2cInit	16	static
D:\project\fw\mcu\stm32\STM32L4R5Z_Nucleo\Core\Src\i2c.c:297:6:i2cIsInit	4	static
D:\project\fw\mcu\stm32\STM32L4R5Z_Nucleo\Core\Src\i2c.c:302:6:i2cBegin	24	static
D:\project\fw\mcu\stm32\STM32L4R5Z_Nucleo\Core\Src\i2c.c:341:10:i2cGetTimming	24	static
D:\project\fw\mcu\stm32\STM32L4R5Z_Nucleo\Core\Src\i2c.c:363:6:i2cIsBegin	16	static
D:\project\fw\mcu\stm32\STM32L4R5Z_Nucleo\Core\Src\i2c.c:368:6:i2cReset	48	static
D:\project\fw\mcu\stm32\STM32L4R5Z_Nucleo\Core\Src\i2c.c:408:6:i2cIsDeviceReady	24	static
D:\project\fw\mcu\stm32\STM32L4R5Z_Nucleo\Core\Src\i2c.c:422:6:i2cRecovery	24	static
D:\project\fw\mcu\stm32\STM32L4R5Z_Nucleo\Core\Src\i2c.c:433:6:i2cReadByte	32	static
D:\project\fw\mcu\stm32\STM32L4R5Z_Nucleo\Core\Src\i2c.c:438:6:i2cReadBytes	56	static
D:\project\fw\mcu\stm32\STM32L4R5Z_Nucleo\Core\Src\i2c.c:463:6:i2cReadA16Bytes	56	static
D:\project\fw\mcu\stm32\STM32L4R5Z_Nucleo\Core\Src\i2c.c:488:6:i2cReadData	48	static
D:\project\fw\mcu\stm32\STM32L4R5Z_Nucleo\Core\Src\i2c.c:513:6:i2cWriteByte	32	static
D:\project\fw\mcu\stm32\STM32L4R5Z_Nucleo\Core\Src\i2c.c:518:6:i2cWriteBytes	56	static
D:\project\fw\mcu\stm32\STM32L4R5Z_Nucleo\Core\Src\i2c.c:543:6:i2cWriteA16Bytes	56	static
D:\project\fw\mcu\stm32\STM32L4R5Z_Nucleo\Core\Src\i2c.c:568:6:i2cWriteData	48	static
D:\project\fw\mcu\stm32\STM32L4R5Z_Nucleo\Core\Src\i2c.c:593:6:i2cSetTimeout	16	static
D:\project\fw\mcu\stm32\STM32L4R5Z_Nucleo\Core\Src\i2c.c:598:10:i2cGetTimeout	16	static
D:\project\fw\mcu\stm32\STM32L4R5Z_Nucleo\Core\Src\i2c.c:603:6:i2cClearErrCount	16	static
D:\project\fw\mcu\stm32\STM32L4R5Z_Nucleo\Core\Src\i2c.c:608:10:i2cGetErrCount	16	static
D:\project\fw\mcu\stm32\STM32L4R5Z_Nucleo\Core\Src\i2c.c:613:6:delayUs	24	static
D:\project\fw\mcu\stm32\STM32L4R5Z_Nucleo\Core\Src\i2c.c:622:6:HAL_I2C_ErrorCallback	16	static
D:\project\fw\mcu\stm32\STM32L4R5Z_Nucleo\Core\Src\i2c.c:627:6:cliI2C	208	dynamic
