D:\project\fw\mcu\stm32\STM32L4R5Z_Nucleo\Core\Src\rtc.c:35:6:MX_RTC_Init	8	static
D:\project\fw\mcu\stm32\STM32L4R5Z_Nucleo\Core\Src\rtc.c:66:6:HAL_RTC_MspInit	168	static
D:\project\fw\mcu\stm32\STM32L4R5Z_Nucleo\Core\Src\rtc.c:93:6:HAL_RTC_MspDeInit	16	static
D:\project\fw\mcu\stm32\STM32L4R5Z_Nucleo\Core\Src\rtc.c:110:6:rtcInit	16	static
D:\project\fw\mcu\stm32\STM32L4R5Z_Nucleo\Core\Src\rtc.c:122:6:rtcGetInfo	40	static
D:\project\fw\mcu\stm32\STM32L4R5Z_Nucleo\Core\Src\rtc.c:145:6:rtcGetTime	40	static
D:\project\fw\mcu\stm32\STM32L4R5Z_Nucleo\Core\Src\rtc.c:164:6:rtcGetDate	80	static
D:\project\fw\mcu\stm32\STM32L4R5Z_Nucleo\Core\Src\rtc.c:198:6:rtcSetTime	40	static
D:\project\fw\mcu\stm32\STM32L4R5Z_Nucleo\Core\Src\rtc.c:220:6:rtcSetDate	40	static
D:\project\fw\mcu\stm32\STM32L4R5Z_Nucleo\Core\Src\rtc.c:258:6:rtcSetReg	16	static
D:\project\fw\mcu\stm32\STM32L4R5Z_Nucleo\Core\Src\rtc.c:271:6:rtcGetReg	16	static
D:\project\fw\mcu\stm32\STM32L4R5Z_Nucleo\Core\Src\rtc.c:293:6:cliRtc	56	static
