D:\project\fw\mcu\stm32\STM32L4R5Z_Nucleo\Core\Src\stm32l4xx_it.c:72:6:NMI_Handler	4	static
D:\project\fw\mcu\stm32\STM32L4R5Z_Nucleo\Core\Src\stm32l4xx_it.c:87:6:HardFault_Handler	4	static
D:\project\fw\mcu\stm32\STM32L4R5Z_Nucleo\Core\Src\stm32l4xx_it.c:102:6:MemManage_Handler	4	static
D:\project\fw\mcu\stm32\STM32L4R5Z_Nucleo\Core\Src\stm32l4xx_it.c:117:6:BusFault_Handler	4	static
D:\project\fw\mcu\stm32\STM32L4R5Z_Nucleo\Core\Src\stm32l4xx_it.c:132:6:UsageFault_Handler	4	static
D:\project\fw\mcu\stm32\STM32L4R5Z_Nucleo\Core\Src\stm32l4xx_it.c:147:6:DebugMon_Handler	4	static
D:\project\fw\mcu\stm32\STM32L4R5Z_Nucleo\Core\Src\stm32l4xx_it.c:160:6:SysTick_Handler	8	static
D:\project\fw\mcu\stm32\STM32L4R5Z_Nucleo\Core\Src\stm32l4xx_it.c:189:6:DMA1_Channel1_IRQHandler	8	static
D:\project\fw\mcu\stm32\STM32L4R5Z_Nucleo\Core\Src\stm32l4xx_it.c:203:6:DMA1_Channel2_IRQHandler	8	static
