D:\project\fw\mcu\stm32\STM32L4R5Z_Nucleo\Core\Src\usart.c:64:6:MX_LPUART1_UART_Init	8	static
D:\project\fw\mcu\stm32\STM32L4R5Z_Nucleo\Core\Src\usart.c:108:6:MX_USART2_UART_Init	8	static
D:\project\fw\mcu\stm32\STM32L4R5Z_Nucleo\Core\Src\usart.c:152:6:MX_USART3_UART_Init	8	static
D:\project\fw\mcu\stm32\STM32L4R5Z_Nucleo\Core\Src\usart.c:195:6:HAL_UART_MspInit	208	static
D:\project\fw\mcu\stm32\STM32L4R5Z_Nucleo\Core\Src\usart.c:325:6:HAL_UART_MspDeInit	16	static
D:\project\fw\mcu\stm32\STM32L4R5Z_Nucleo\Core\Src\usart.c:401:6:uartInit	16	static
D:\project\fw\mcu\stm32\STM32L4R5Z_Nucleo\Core\Src\usart.c:419:6:uartDeInit	4	static
D:\project\fw\mcu\stm32\STM32L4R5Z_Nucleo\Core\Src\usart.c:424:6:uartIsInit	4	static
D:\project\fw\mcu\stm32\STM32L4R5Z_Nucleo\Core\Src\usart.c:429:6:uartOpen	24	static
D:\project\fw\mcu\stm32\STM32L4R5Z_Nucleo\Core\Src\usart.c:493:6:uartClose	16	static
D:\project\fw\mcu\stm32\STM32L4R5Z_Nucleo\Core\Src\usart.c:502:10:uartAvailable	24	static
D:\project\fw\mcu\stm32\STM32L4R5Z_Nucleo\Core\Src\usart.c:524:6:uartFlush	24	static
D:\project\fw\mcu\stm32\STM32L4R5Z_Nucleo\Core\Src\usart.c:542:9:uartRead	24	static
D:\project\fw\mcu\stm32\STM32L4R5Z_Nucleo\Core\Src\usart.c:564:10:uartWrite	32	static
D:\project\fw\mcu\stm32\STM32L4R5Z_Nucleo\Core\Src\usart.c:589:10:uartPrintf	292	static
D:\project\fw\mcu\stm32\STM32L4R5Z_Nucleo\Core\Src\usart.c:607:10:uartGetBaud	24	static
D:\project\fw\mcu\stm32\STM32L4R5Z_Nucleo\Core\Src\usart.c:626:10:uartGetRxCnt	16	static
D:\project\fw\mcu\stm32\STM32L4R5Z_Nucleo\Core\Src\usart.c:633:10:uartGetTxCnt	16	static
D:\project\fw\mcu\stm32\STM32L4R5Z_Nucleo\Core\Src\usart.c:640:6:cliUart	40	static
